Router>enable
Router#config t
Enter configuration commands, one per line.  End with CNTL/Z.
Router(config)#hostname R1
R1(config)#no ip domain-lookup
R1(config)#enable secret Ciscoenpa55
R1(config)#line console 0
R1(config-line)#password Ciscoconpa55 
R1(config-line)#login
R1(config-line)#
R1(config-line)#^Z
R1#
%SYS-5-CONFIG_I: Configured from console by console

R1#enable
R1#config t
Enter configuration commands, one per line.  End with CNTL/Z.
R1(config)#security password min-length 10
R1(config)#service password-encryption
R1(config)#banner motd "Unauthorized access is strictly prohibited"
R1(config)#interface gigabitEthernet 0/0
R1(config-if)#ip address 192.168.0.1 255.255.255.128
R1(config-if)#no shutdown

R1(config-if)#
%LINK-5-CHANGED: Interface GigabitEthernet0/0, changed state to up

%LINEPROTO-5-UPDOWN: Line protocol on Interface GigabitEthernet0/0, changed state to up

R1(config-if)#ipv6 address 2001:db8:acad::1/64
R1(config-if)#ipv6 address fe80::1 link-local
R1(config-if)#exit
R1(config)#interface gigabitEthernet 0/1
R1(config-if)#ip address 192.168.0.129 255.255.255.192
R1(config-if)#no shutdown

R1(config-if)#
%LINK-5-CHANGED: Interface GigabitEthernet0/1, changed state to up

%LINEPROTO-5-UPDOWN: Line protocol on Interface GigabitEthernet0/1, changed state to up

R1(config-if)#ipv6 address 2001:db8:acad:1::1/64
R1(config-if)#ipv6 address f680::1 link-local
% Invalid link-local address
R1(config-if)#exit
R1(config)#interface gigabitEthernet 0/2
R1(config-if)#ip address 192.168.0.193 255.255.255.224
R1(config-if)#no shutdown

R1(config-if)#
%LINK-5-CHANGED: Interface GigabitEthernet0/2, changed state to up

%LINEPROTO-5-UPDOWN: Line protocol on Interface GigabitEthernet0/2, changed state to up

R1(config-if)#ipv6 address 2001:db8:acad:2::1/64
R1(config-if)#ipv6 address f680::1
% Incomplete command.
R1(config-if)#ipv6 address fe80::1
% Incomplete command.
R1(config-if)#ipv6 address fe80::1 link-local
R1(config-if)#exit
R1(config)#
R1(config)#ip doamin-name CCNA.com
                ^
% Invalid input detected at '^' marker.
	
R1(config)#ip domain-name CCNA.com
R1(config)#crypto key generate rsa
The name for the keys will be: R1.CCNA.com
Choose the size of the key modulus in the range of 360 to 4096 for your
  General Purpose Keys. Choosing a key modulus greater than 512 may take
  a few minutes.

How many bits in the modulus [512]: 1024
% Generating 1024 bit RSA keys, keys will be non-exportable...[OK]

R1(config)#username Admin1 secret 5 Admin1pa55
*Mar 1 11:0:39.366: %SSH-5-ENABLED: SSH 1.99 has been enabled
R1(config)#line vty 0 15
R1(config-line)#transport input ssh
R1(config-line)#login local
R1(config-line)#
R1(config-line)#
R1(config-line)#end
R1#
%SYS-5-CONFIG_I: Configured from console by console

R1#config t
Enter configuration commands, one per line.  End with CNTL/Z.
R1(config)#username Admin1 secret Admin1pa55
R1(config)#line console 0
R1(config-line)#exec-timeout ?
  <0-35791>  Timeout in minutes
R1(config-line)#exec-timeout 5 ?
  <0-2147483>  Timeout in seconds
  <cr>
R1(config-line)#exec-timeout 5 0
R1(config-line)#exit
R1(config)#line vty 0 15
R1(config-line)#exec-timeout 5 0
R1(config-line)#exit
R1(config)#login
% Incomplete command.
R1(config)#login block-for 180 attempts 4 within 120
R1(config)#


Switch>enable
Switch#config t
Enter configuration commands, one per line.  End with CNTL/Z.
Switch(config)#hostname S1
S1(config)#interface vlan 1
S1(config-if)#ip address 192.168.0.2 255.255.255.128
S1(config-if)#no shutdown

S1(config-if)#
%LINK-5-CHANGED: Interface Vlan1, changed state to up

%LINEPROTO-5-UPDOWN: Line protocol on Interface Vlan1, changed state to up

S1(config-if)#exit
S1(config)#ip default-gateway 192.168.0.1 
S1(config)#
S1(config)#no ip doamin-lookup
                   ^
% Invalid input detected at '^' marker.
	
S1(config)#no ip domain-lookup
S1(config)#
S1(config)#enable secret Ciscoenpa55
S1(config)#line console 0
S1(config-line)#password Ciscoconpa55
S1(config-line)#login
S1(config-line)#exec-timeout 5 0
S1(config-line)#exit
S1(config)#line vty 0 15
S1(config-line)#exec-timeout 5 0
S1(config-line)#exit
S1(config)#sevice password-encryption
             ^
% Invalid input detected at '^' marker.
	
S1(config)#service password-encryption
S1(config)#

